โ— injecting env (4) from .env // tip: โ custom filepath { path: '/custom/path/.env' }

Running 1 test using 1 worker

[1A[2Kโ— injecting env (0) from .env // tip: โ auth for agents [www.vestauth.com]

[1A[2K[1/1] [chromium] โ€บ tests\corporate-profile.spec.ts:33:5 โ€บ Corporate Profile End-to-End Flow
